// Jest Snapshot v1, https://goo.gl/fbAQLP

exports[`The Header Component renders unchanged when logged in 1`] = `
<div>
  <header
    class="root"
  >
    <div
      class="layout-grid"
    >
      <a
        class="root"
        href="/"
      >
        <img
          alt="Logo: Event Resource Management"
          data-nimg="fill"
          decoding="async"
          fetchpriority="high"
          sizes="300px"
          src="/_next/image?url=%2Fimg.jpg&w=3840&q=75"
          srcset="/_next/image?url=%2Fimg.jpg&w=16&q=75 16w, /_next/image?url=%2Fimg.jpg&w=32&q=75 32w, /_next/image?url=%2Fimg.jpg&w=48&q=75 48w, /_next/image?url=%2Fimg.jpg&w=64&q=75 64w, /_next/image?url=%2Fimg.jpg&w=96&q=75 96w, /_next/image?url=%2Fimg.jpg&w=128&q=75 128w, /_next/image?url=%2Fimg.jpg&w=256&q=75 256w, /_next/image?url=%2Fimg.jpg&w=384&q=75 384w, /_next/image?url=%2Fimg.jpg&w=640&q=75 640w, /_next/image?url=%2Fimg.jpg&w=750&q=75 750w, /_next/image?url=%2Fimg.jpg&w=828&q=75 828w, /_next/image?url=%2Fimg.jpg&w=1080&q=75 1080w, /_next/image?url=%2Fimg.jpg&w=1200&q=75 1200w, /_next/image?url=%2Fimg.jpg&w=1920&q=75 1920w, /_next/image?url=%2Fimg.jpg&w=2048&q=75 2048w, /_next/image?url=%2Fimg.jpg&w=3840&q=75 3840w"
          style="position: absolute; height: 100%; width: 100%; left: 0px; top: 0px; right: 0px; bottom: 0px; color: transparent;"
        />
      </a>
      <span
        class="name"
      >
        Hello 
        <strong>
          test user
        </strong>
      </span>
      <nav
        class="root"
      >
        <div
          class="root  outline"
        >
          <span
            class="span"
          >
            <a
              href="/list/randomvalue"
            >
              Your wish list
            </a>
          </span>
        </div>
        <div
          class="root  blue"
        >
          <span
            class="span"
          >
            Sign Out
          </span>
        </div>
      </nav>
    </div>
  </header>
</div>
`;

exports[`The Header Component renders unchanged when logged out 1`] = `
<div>
  <header
    class="root"
  >
    <div
      class="layout-grid"
    >
      <a
        class="root"
        href="/"
      >
        <img
          alt="Logo: Event Resource Management"
          data-nimg="fill"
          decoding="async"
          fetchpriority="high"
          sizes="300px"
          src="/_next/image?url=%2Fimg.jpg&w=3840&q=75"
          srcset="/_next/image?url=%2Fimg.jpg&w=16&q=75 16w, /_next/image?url=%2Fimg.jpg&w=32&q=75 32w, /_next/image?url=%2Fimg.jpg&w=48&q=75 48w, /_next/image?url=%2Fimg.jpg&w=64&q=75 64w, /_next/image?url=%2Fimg.jpg&w=96&q=75 96w, /_next/image?url=%2Fimg.jpg&w=128&q=75 128w, /_next/image?url=%2Fimg.jpg&w=256&q=75 256w, /_next/image?url=%2Fimg.jpg&w=384&q=75 384w, /_next/image?url=%2Fimg.jpg&w=640&q=75 640w, /_next/image?url=%2Fimg.jpg&w=750&q=75 750w, /_next/image?url=%2Fimg.jpg&w=828&q=75 828w, /_next/image?url=%2Fimg.jpg&w=1080&q=75 1080w, /_next/image?url=%2Fimg.jpg&w=1200&q=75 1200w, /_next/image?url=%2Fimg.jpg&w=1920&q=75 1920w, /_next/image?url=%2Fimg.jpg&w=2048&q=75 2048w, /_next/image?url=%2Fimg.jpg&w=3840&q=75 3840w"
          style="position: absolute; height: 100%; width: 100%; left: 0px; top: 0px; right: 0px; bottom: 0px; color: transparent;"
        />
      </a>
      <nav
        class="root"
      >
        <div
          class="root  blue"
        >
          <span
            class="span"
          >
            Sign In
          </span>
        </div>
      </nav>
    </div>
  </header>
</div>
`;
